// Jest Snapshot v1, https://goo.gl/fbAQLP

exports[`<LoginForm /> renders correctly 1`] = `
<div
  id="login"
>
  <form>
    <label>
      Username
      <input
        name="username"
        type="text"
      />
    </label>
    <label>
      Password
      <input
        name="password"
        type="password"
      />
    </label>
    <button
      type="submit"
    >
      Login
    </button>
  </form>
</div>
`;
